// Vitest Snapshot v1

exports[`normalize 1`] = `
{
  "resources": {
    "blocks": {
      "1": {
        "attributes": {
          "blockType": "images",
          "position": 1,
        },
        "id": "1",
        "links": {
          "self": "#",
        },
        "meta": undefined,
        "relationships": {},
        "type": "blocks",
      },
    },
    "pages": {
      "1": {
        "attributes": {},
        "id": "1",
        "links": {
          "self": "#",
        },
        "meta": undefined,
        "relationships": {
          "blocks": {
            "data": [
              {
                "id": "1",
                "type": "blocks",
              },
            ],
            "links": {
              "related": "#",
              "self": "#",
            },
            "meta": {
              "editors": {
                "default": [
                  "1",
                ],
              },
            },
          },
        },
        "type": "pages",
      },
    },
  },
  "result": [
    {
      "id": "1",
      "type": "pages",
    },
  ],
}
`;
